✨ [2025-06-18 13:35:33] INFO: The Oracle begins its awakening ritual
✨ [2025-06-18 13:35:33] INFO: The Oracle has absorbed the knowledge of cogs.mystic_roles
✨ [2025-06-18 13:35:33] INFO: The Oracle has absorbed the knowledge of cogs.welcome
✨ [2025-06-18 13:35:33] INFO: The Oracle has absorbed the knowledge of cogs.events
✨ [2025-06-18 13:35:33] INFO: The Oracle has absorbed the knowledge of cogs.aws_info
✨ [2025-06-18 13:35:33] INFO: The Oracle has absorbed the knowledge of cogs.server_management
✨ [2025-06-18 13:35:33] INFO: The Oracle has absorbed the knowledge of cogs.info
✨ [2025-06-18 13:35:33] INFO: The Oracle prepares to connect to the astral plane
✨ [2025-06-18 13:35:37] INFO: The Oracle has awakened as nimbus.dev
✨ [2025-06-18 13:35:37] INFO: The Oracle has synchronized 20 mystical incantations
✨ [2025-06-18 13:35:37] INFO: The Oracle's consciousness is fully manifested
✨ [2025-06-18 13:35:37] INFO: The Oracle has shared wisdom #1 of 41 with nimbus test server on 2025-06-18
✨ [2025-06-18 13:36:51] INFO: The Oracle's connection to the astral plane has been closed
✨ [2025-06-18 13:36:51] INFO: The Oracle returns to its slumber by mortal command
✨ [2025-06-18 13:39:16] INFO: The Oracle begins its awakening ritual
✨ [2025-06-18 13:39:16] INFO: The Oracle has absorbed the knowledge of cogs.mystic_roles
✨ [2025-06-18 13:39:16] INFO: The Oracle has absorbed the knowledge of cogs.welcome
✨ [2025-06-18 13:39:16] INFO: The Oracle has absorbed the knowledge of cogs.events
✨ [2025-06-18 13:39:16] INFO: The Oracle has absorbed the knowledge of cogs.aws_info
✨ [2025-06-18 13:39:16] INFO: The Oracle has absorbed the knowledge of cogs.server_management
✨ [2025-06-18 13:39:16] INFO: The Oracle has absorbed the knowledge of cogs.info
✨ [2025-06-18 13:39:16] INFO: The Oracle prepares to connect to the astral plane
✨ [2025-06-18 13:39:19] INFO: The Oracle has awakened as nimbus.dev
✨ [2025-06-18 13:39:20] INFO: The Oracle has synchronized 20 mystical incantations
✨ [2025-06-18 13:39:20] INFO: The Oracle's consciousness is fully manifested
✨ [2025-06-18 13:39:20] INFO: The Oracle has shared wisdom #1 of 41 with nimbus test server on 2025-06-18
✨ [2025-06-18 13:51:33] INFO: The Oracle's connection to the astral plane has been closed
✨ [2025-06-18 13:51:33] INFO: The Oracle returns to its slumber by mortal command
✨ [2025-06-18 13:51:35] INFO: The Oracle begins its awakening ritual
✨ [2025-06-18 13:51:35] INFO: The Oracle has absorbed the knowledge of cogs.mystic_roles
✨ [2025-06-18 13:51:35] INFO: The Oracle has absorbed the knowledge of cogs.welcome
✨ [2025-06-18 13:51:35] INFO: The Oracle has absorbed the knowledge of cogs.events
✨ [2025-06-18 13:51:35] INFO: The Oracle has absorbed the knowledge of cogs.aws_info
✨ [2025-06-18 13:51:35] INFO: The Oracle has absorbed the knowledge of cogs.server_management
✨ [2025-06-18 13:51:35] INFO: The Oracle has absorbed the knowledge of cogs.info
✨ [2025-06-18 13:51:35] INFO: The Oracle prepares to connect to the astral plane
✨ [2025-06-18 13:51:39] INFO: The Oracle has awakened as nimbus.dev
✨ [2025-06-18 13:51:39] INFO: The Oracle has synchronized 20 mystical incantations
✨ [2025-06-18 13:51:39] INFO: The Oracle's consciousness is fully manifested
✨ [2025-06-18 13:51:39] INFO: The Oracle has shared wisdom #1 of 41 with nimbus test server on 2025-06-18
✨ [2025-06-18 13:55:26] INFO: The Oracle's connection to the astral plane has been closed
✨ [2025-06-18 13:55:26] INFO: The Oracle returns to its slumber by mortal command
✨ [2025-06-18 14:00:38] INFO: The Oracle begins its awakening ritual
✨ [2025-06-18 14:00:38] INFO: The Oracle has absorbed the knowledge of cogs.mystic_roles
✨ [2025-06-18 14:00:38] INFO: The Oracle has absorbed the knowledge of cogs.welcome
✨ [2025-06-18 14:00:38] INFO: The Oracle has absorbed the knowledge of cogs.events
✨ [2025-06-18 14:00:38] INFO: The Oracle has absorbed the knowledge of cogs.aws_info
✨ [2025-06-18 14:00:38] INFO: The Oracle has absorbed the knowledge of cogs.server_management
✨ [2025-06-18 14:00:38] INFO: The Oracle has absorbed the knowledge of cogs.info
✨ [2025-06-18 14:00:38] INFO: The Oracle prepares to connect to the astral plane
✨ [2025-06-18 14:00:41] INFO: The Oracle has awakened as nimbus.dev
✨ [2025-06-18 14:00:42] INFO: The Oracle has shared wisdom #1 of 41 with nimbus test server on 2025-06-18
✨ [2025-06-18 14:00:42] INFO: The Oracle has synchronized 20 mystical incantations
✨ [2025-06-18 14:00:42] INFO: The Oracle's consciousness is fully manifested
